[{"company": "company1", "owner": "", "customer": "", "tags": "tag1,tag2", "country": "", "url": "http://something.com", "name": "Service1", "created": "", "updated": "20. Jun. 2011", "status": "", "usernameId": "AA01", "userDescription": "Some description", "pwdId": "XX01", "pwdDescriptions": "Some description", "questions": [{"question": "Are you there?", "answerId": "AW01", "answer": "AW01"}], "description": "someDescription", "dateChange": "", "username": "AA01 (Some description)", "secretPasswords": "XX01 (Some description)"}]