{
  "XX01": "someSecret1",
  "XX02": "someSecret2",
  "AA01": "foo",
  "AA02": "bar",
  "AW01": "baz",
  "AW02": "woof"
}
