+-----+-----+
| one | two |
+-----+-----+
| 1   | 2   |
| 11  | 22  |
+-----+-----+